pkg_config: checking for pkg-config for Qt6Core... -------------------- ["-I/opt/homebrew/lib/QtCore.framework/Headers -I/opt/homebrew/lib/QtCore.framework -I/opt/homebrew/share/qt/mkspecs/macx-clang -I/opt/homebrew/include -F/opt/homebrew/lib -DQT_CORE_LIB", "-F/opt/homebrew/lib -framework QtCore", ""]

DYLD_LIBRARY_PATH=.:/opt/homebrew/Cellar/ruby/4.0.6/lib LSAN_OPTIONS=detect_leaks=0 pkg-config --exists Qt6Core
DYLD_LIBRARY_PATH=.:/opt/homebrew/Cellar/ruby/4.0.6/lib LSAN_OPTIONS=detect_leaks=0 pkg-config --libs Qt6Core |
=> "-F/opt/homebrew/lib -framework QtCore\n"
DYLD_LIBRARY_PATH=.:/opt/homebrew/Cellar/ruby/4.0.6/lib LSAN_OPTIONS=detect_leaks=0 "clang -o conftest -I/opt/homebrew/Cellar/ruby/4.0.6/include/ruby-4.0.0/arm64-darwin24 -I/opt/homebrew/Cellar/ruby/4.0.6/include/ruby-4.0.0/ruby/backward -I/opt/homebrew/Cellar/ruby/4.0.6/include/ruby-4.0.0 -I. -I/Users/sprice5/src/qtbindings/generator/runtime -I/opt/homebrew/opt/libyaml/include -I/opt/homebrew/opt/openssl@3/include -D_XOPEN_SOURCE -D_DARWIN_C_SOURCE -D_DARWIN_UNLIMITED_SELECT -D_REENTRANT   -fstack-protector-strong -U_FORTIFY_SOURCE -D_FORTIFY_SOURCE=2 -fdeclspec  -O3 -fno-fast-math -ggdb3 -Wall -Wextra -Wextra-tokens -Wdeprecated-declarations -Wdivision-by-zero -Wdiv-by-zero -Wimplicit-function-declaration -Wimplicit-int -Wpointer-arith -Wshorten-64-to-32 -Wwrite-strings -Wold-style-definition -Wmissing-noreturn -Wno-cast-function-type -Wno-constant-logical-operand -Wno-long-long -Wno-missing-field-initializers -Wno-overlength-strings -Wno-parentheses-equality -Wno-self-assign -Wno-tautological-compare -Wno-unused-parameter -Wno-unused-value -Wunused-variable -Wmisleading-indentation -Wundef -fno-common -pipe conftest.c -L. -L/opt/homebrew/Cellar/ruby/4.0.6/lib -L/opt/homebrew/opt/libyaml/lib -L/opt/homebrew/opt/openssl@3/lib -L. -fstack-protector-strong -L/opt/homebrew/Cellar/libyaml/0.2.5/lib -L/opt/homebrew/Cellar/openssl@3/3.6.3/lib  -arch arm64   -lruby.4.0  -lpthread  "
checked program was:
/* begin */
1: #include "ruby.h"
2: 
3: int main(int argc, char **argv)
4: {
5:   return !!argv[argc];
6: }
/* end */

DYLD_LIBRARY_PATH=.:/opt/homebrew/Cellar/ruby/4.0.6/lib LSAN_OPTIONS=detect_leaks=0 "clang -o conftest -I/opt/homebrew/Cellar/ruby/4.0.6/include/ruby-4.0.0/arm64-darwin24 -I/opt/homebrew/Cellar/ruby/4.0.6/include/ruby-4.0.0/ruby/backward -I/opt/homebrew/Cellar/ruby/4.0.6/include/ruby-4.0.0 -I. -I/Users/sprice5/src/qtbindings/generator/runtime -I/opt/homebrew/opt/libyaml/include -I/opt/homebrew/opt/openssl@3/include -D_XOPEN_SOURCE -D_DARWIN_C_SOURCE -D_DARWIN_UNLIMITED_SELECT -D_REENTRANT   -fstack-protector-strong -U_FORTIFY_SOURCE -D_FORTIFY_SOURCE=2 -fdeclspec  -O3 -fno-fast-math -ggdb3 -Wall -Wextra -Wextra-tokens -Wdeprecated-declarations -Wdivision-by-zero -Wdiv-by-zero -Wimplicit-function-declaration -Wimplicit-int -Wpointer-arith -Wshorten-64-to-32 -Wwrite-strings -Wold-style-definition -Wmissing-noreturn -Wno-cast-function-type -Wno-constant-logical-operand -Wno-long-long -Wno-missing-field-initializers -Wno-overlength-strings -Wno-parentheses-equality -Wno-self-assign -Wno-tautological-compare -Wno-unused-parameter -Wno-unused-value -Wunused-variable -Wmisleading-indentation -Wundef -fno-common -pipe conftest.c -L. -L/opt/homebrew/Cellar/ruby/4.0.6/lib -L/opt/homebrew/opt/libyaml/lib -L/opt/homebrew/opt/openssl@3/lib -L. -fstack-protector-strong -L/opt/homebrew/Cellar/libyaml/0.2.5/lib -L/opt/homebrew/Cellar/openssl@3/3.6.3/lib -F/opt/homebrew/lib -framework QtCore -arch arm64   -lruby.4.0  -lpthread  "
checked program was:
/* begin */
1: #include "ruby.h"
2: 
3: int main(int argc, char **argv)
4: {
5:   return !!argv[argc];
6: }
/* end */

DYLD_LIBRARY_PATH=.:/opt/homebrew/Cellar/ruby/4.0.6/lib LSAN_OPTIONS=detect_leaks=0 pkg-config --cflags-only-I Qt6Core |
=> "-I/opt/homebrew/lib/QtCore.framework/Headers -I/opt/homebrew/lib/QtCore.framework -I/opt/homebrew/share/qt/mkspecs/macx-clang -I/opt/homebrew/include\n"
DYLD_LIBRARY_PATH=.:/opt/homebrew/Cellar/ruby/4.0.6/lib LSAN_OPTIONS=detect_leaks=0 pkg-config --cflags-only-other Qt6Core |
=> "-F/opt/homebrew/lib -DQT_CORE_LIB\n"
DYLD_LIBRARY_PATH=.:/opt/homebrew/Cellar/ruby/4.0.6/lib LSAN_OPTIONS=detect_leaks=0 pkg-config --libs-only-l Qt6Core |
=> "\n"
package configuration for Qt6Core
incflags: -I/opt/homebrew/lib/QtCore.framework/Headers -I/opt/homebrew/lib/QtCore.framework -I/opt/homebrew/share/qt/mkspecs/macx-clang -I/opt/homebrew/include
cflags: -F/opt/homebrew/lib -DQT_CORE_LIB
ldflags: -F/opt/homebrew/lib -framework QtCore
libs: 

--------------------

pkg_config: checking for pkg-config for Qt6Gui... -------------------- ["-I/opt/homebrew/lib/QtGui.framework/Headers -I/opt/homebrew/lib/QtGui.framework -I/opt/homebrew/lib/QtCore.framework/Headers -I/opt/homebrew/lib/QtCore.framework -I/opt/homebrew/share/qt/mkspecs/macx-clang -I/opt/homebrew/include -F/opt/homebrew/lib -DQT_GUI_LIB -DQT_CORE_LIB", "-F/opt/homebrew/lib -framework QtGui -framework QtCore", ""]

DYLD_LIBRARY_PATH=.:/opt/homebrew/Cellar/ruby/4.0.6/lib LSAN_OPTIONS=detect_leaks=0 pkg-config --exists Qt6Gui
DYLD_LIBRARY_PATH=.:/opt/homebrew/Cellar/ruby/4.0.6/lib LSAN_OPTIONS=detect_leaks=0 pkg-config --libs Qt6Gui |
=> "-F/opt/homebrew/lib -framework QtGui -framework QtCore\n"
DYLD_LIBRARY_PATH=.:/opt/homebrew/Cellar/ruby/4.0.6/lib LSAN_OPTIONS=detect_leaks=0 "clang -o conftest -I/opt/homebrew/Cellar/ruby/4.0.6/include/ruby-4.0.0/arm64-darwin24 -I/opt/homebrew/Cellar/ruby/4.0.6/include/ruby-4.0.0/ruby/backward -I/opt/homebrew/Cellar/ruby/4.0.6/include/ruby-4.0.0 -I. -I/Users/sprice5/src/qtbindings/generator/runtime -I/opt/homebrew/lib/QtCore.framework/Headers -I/opt/homebrew/lib/QtCore.framework -I/opt/homebrew/share/qt/mkspecs/macx-clang -I/opt/homebrew/include -I/opt/homebrew/opt/libyaml/include -I/opt/homebrew/opt/openssl@3/include -D_XOPEN_SOURCE -D_DARWIN_C_SOURCE -D_DARWIN_UNLIMITED_SELECT -D_REENTRANT   -fstack-protector-strong -U_FORTIFY_SOURCE -D_FORTIFY_SOURCE=2 -fdeclspec  -O3 -fno-fast-math -ggdb3 -Wall -Wextra -Wextra-tokens -Wdeprecated-declarations -Wdivision-by-zero -Wdiv-by-zero -Wimplicit-function-declaration -Wimplicit-int -Wpointer-arith -Wshorten-64-to-32 -Wwrite-strings -Wold-style-definition -Wmissing-noreturn -Wno-cast-function-type -Wno-constant-logical-operand -Wno-long-long -Wno-missing-field-initializers -Wno-overlength-strings -Wno-parentheses-equality -Wno-self-assign -Wno-tautological-compare -Wno-unused-parameter -Wno-unused-value -Wunused-variable -Wmisleading-indentation -Wundef -fno-common -pipe -F/opt/homebrew/lib -DQT_CORE_LIB conftest.c -L. -L/opt/homebrew/Cellar/ruby/4.0.6/lib -L/opt/homebrew/opt/libyaml/lib -L/opt/homebrew/opt/openssl@3/lib -L. -fstack-protector-strong -L/opt/homebrew/Cellar/libyaml/0.2.5/lib -L/opt/homebrew/Cellar/openssl@3/3.6.3/lib -F/opt/homebrew/lib -framework QtCore -F/opt/homebrew/lib -framework QtGui -framework QtCore -arch arm64    -lruby.4.0  -lpthread  "
checked program was:
/* begin */
1: #include "ruby.h"
2: 
3: int main(int argc, char **argv)
4: {
5:   return !!argv[argc];
6: }
/* end */

DYLD_LIBRARY_PATH=.:/opt/homebrew/Cellar/ruby/4.0.6/lib LSAN_OPTIONS=detect_leaks=0 pkg-config --cflags-only-I Qt6Gui |
=> "-I/opt/homebrew/lib/QtGui.framework/Headers -I/opt/homebrew/lib/QtGui.framework -I/opt/homebrew/lib/QtCore.framework/Headers -I/opt/homebrew/lib/QtCore.framework -I/opt/homebrew/share/qt/mkspecs/macx-clang -I/opt/homebrew/include\n"
DYLD_LIBRARY_PATH=.:/opt/homebrew/Cellar/ruby/4.0.6/lib LSAN_OPTIONS=detect_leaks=0 pkg-config --cflags-only-other Qt6Gui |
=> "-F/opt/homebrew/lib -DQT_GUI_LIB -DQT_CORE_LIB\n"
DYLD_LIBRARY_PATH=.:/opt/homebrew/Cellar/ruby/4.0.6/lib LSAN_OPTIONS=detect_leaks=0 pkg-config --libs-only-l Qt6Gui |
=> "\n"
package configuration for Qt6Gui
incflags: -I/opt/homebrew/lib/QtGui.framework/Headers -I/opt/homebrew/lib/QtGui.framework -I/opt/homebrew/lib/QtCore.framework/Headers -I/opt/homebrew/lib/QtCore.framework -I/opt/homebrew/share/qt/mkspecs/macx-clang -I/opt/homebrew/include
cflags: -F/opt/homebrew/lib -DQT_GUI_LIB -DQT_CORE_LIB
ldflags: -F/opt/homebrew/lib -framework QtGui -framework QtCore
libs: 

--------------------

pkg_config: checking for pkg-config for Qt6Widgets... -------------------- ["-I/opt/homebrew/lib/QtWidgets.framework/Headers -I/opt/homebrew/lib/QtWidgets.framework -I/opt/homebrew/lib/QtGui.framework/Headers -I/opt/homebrew/lib/QtGui.framework -I/opt/homebrew/lib/QtCore.framework/Headers -I/opt/homebrew/lib/QtCore.framework -I/opt/homebrew/share/qt/mkspecs/macx-clang -I/opt/homebrew/include -F/opt/homebrew/lib -DQT_WIDGETS_LIB -DQT_GUI_LIB -DQT_CORE_LIB", "-F/opt/homebrew/lib -framework QtWidgets -framework QtGui -framework QtCore", ""]

DYLD_LIBRARY_PATH=.:/opt/homebrew/Cellar/ruby/4.0.6/lib LSAN_OPTIONS=detect_leaks=0 pkg-config --exists Qt6Widgets
DYLD_LIBRARY_PATH=.:/opt/homebrew/Cellar/ruby/4.0.6/lib LSAN_OPTIONS=detect_leaks=0 pkg-config --libs Qt6Widgets |
=> "-F/opt/homebrew/lib -framework QtWidgets -framework QtGui -framework QtCore\n"
DYLD_LIBRARY_PATH=.:/opt/homebrew/Cellar/ruby/4.0.6/lib LSAN_OPTIONS=detect_leaks=0 "clang -o conftest -I/opt/homebrew/Cellar/ruby/4.0.6/include/ruby-4.0.0/arm64-darwin24 -I/opt/homebrew/Cellar/ruby/4.0.6/include/ruby-4.0.0/ruby/backward -I/opt/homebrew/Cellar/ruby/4.0.6/include/ruby-4.0.0 -I. -I/Users/sprice5/src/qtbindings/generator/runtime -I/opt/homebrew/lib/QtCore.framework/Headers -I/opt/homebrew/lib/QtCore.framework -I/opt/homebrew/share/qt/mkspecs/macx-clang -I/opt/homebrew/include -I/opt/homebrew/lib/QtGui.framework/Headers -I/opt/homebrew/lib/QtGui.framework -I/opt/homebrew/lib/QtCore.framework/Headers -I/opt/homebrew/lib/QtCore.framework -I/opt/homebrew/share/qt/mkspecs/macx-clang -I/opt/homebrew/include -I/opt/homebrew/opt/libyaml/include -I/opt/homebrew/opt/openssl@3/include -D_XOPEN_SOURCE -D_DARWIN_C_SOURCE -D_DARWIN_UNLIMITED_SELECT -D_REENTRANT   -fstack-protector-strong -U_FORTIFY_SOURCE -D_FORTIFY_SOURCE=2 -fdeclspec  -O3 -fno-fast-math -ggdb3 -Wall -Wextra -Wextra-tokens -Wdeprecated-declarations -Wdivision-by-zero -Wdiv-by-zero -Wimplicit-function-declaration -Wimplicit-int -Wpointer-arith -Wshorten-64-to-32 -Wwrite-strings -Wold-style-definition -Wmissing-noreturn -Wno-cast-function-type -Wno-constant-logical-operand -Wno-long-long -Wno-missing-field-initializers -Wno-overlength-strings -Wno-parentheses-equality -Wno-self-assign -Wno-tautological-compare -Wno-unused-parameter -Wno-unused-value -Wunused-variable -Wmisleading-indentation -Wundef -fno-common -pipe -F/opt/homebrew/lib -DQT_CORE_LIB -F/opt/homebrew/lib -DQT_GUI_LIB -DQT_CORE_LIB conftest.c -L. -L/opt/homebrew/Cellar/ruby/4.0.6/lib -L/opt/homebrew/opt/libyaml/lib -L/opt/homebrew/opt/openssl@3/lib -L. -fstack-protector-strong -L/opt/homebrew/Cellar/libyaml/0.2.5/lib -L/opt/homebrew/Cellar/openssl@3/3.6.3/lib -F/opt/homebrew/lib -framework QtCore -F/opt/homebrew/lib -framework QtGui -framework QtCore -F/opt/homebrew/lib -framework QtWidgets -framework QtGui -framework QtCore -arch arm64     -lruby.4.0  -lpthread  "
checked program was:
/* begin */
1: #include "ruby.h"
2: 
3: int main(int argc, char **argv)
4: {
5:   return !!argv[argc];
6: }
/* end */

DYLD_LIBRARY_PATH=.:/opt/homebrew/Cellar/ruby/4.0.6/lib LSAN_OPTIONS=detect_leaks=0 pkg-config --cflags-only-I Qt6Widgets |
=> "-I/opt/homebrew/lib/QtWidgets.framework/Headers -I/opt/homebrew/lib/QtWidgets.framework -I/opt/homebrew/lib/QtGui.framework/Headers -I/opt/homebrew/lib/QtGui.framework -I/opt/homebrew/lib/QtCore.framework/Headers -I/opt/homebrew/lib/QtCore.framework -I/opt/homebrew/share/qt/mkspecs/macx-clang -I/opt/homebrew/include\n"
DYLD_LIBRARY_PATH=.:/opt/homebrew/Cellar/ruby/4.0.6/lib LSAN_OPTIONS=detect_leaks=0 pkg-config --cflags-only-other Qt6Widgets |
=> "-F/opt/homebrew/lib -DQT_WIDGETS_LIB -DQT_GUI_LIB -DQT_CORE_LIB\n"
DYLD_LIBRARY_PATH=.:/opt/homebrew/Cellar/ruby/4.0.6/lib LSAN_OPTIONS=detect_leaks=0 pkg-config --libs-only-l Qt6Widgets |
=> "\n"
package configuration for Qt6Widgets
incflags: -I/opt/homebrew/lib/QtWidgets.framework/Headers -I/opt/homebrew/lib/QtWidgets.framework -I/opt/homebrew/lib/QtGui.framework/Headers -I/opt/homebrew/lib/QtGui.framework -I/opt/homebrew/lib/QtCore.framework/Headers -I/opt/homebrew/lib/QtCore.framework -I/opt/homebrew/share/qt/mkspecs/macx-clang -I/opt/homebrew/include
cflags: -F/opt/homebrew/lib -DQT_WIDGETS_LIB -DQT_GUI_LIB -DQT_CORE_LIB
ldflags: -F/opt/homebrew/lib -framework QtWidgets -framework QtGui -framework QtCore
libs: 

--------------------

